<testsuites id="" name="" tests="309" failures="0" skipped="309" errors="0" time="0.16773499999999997">
<testsuite name="01-health.spec.ts" timestamp="2025-12-07T01:25:20.070Z" hostname="chromium" tests="7" failures="0" skipped="7" time="0" errors="0">
<testcase name="Health Checks › API health endpoint responds" classname="01-health.spec.ts" time="0">
<skipped>
</skipped>
</testcase>
<testcase name="Health Checks › MCP health endpoint responds" classname="01-health.spec.ts" time="0">
<skipped>
</skipped>
</testcase>
<testcase name="Health Checks › Web app loads" classname="01-health.spec.ts" time="0">
<skipped>
</skipped>
</testcase>
<testcase name="Health Checks › Console loads" classname="01-health.spec.ts" time="0">
<skipped>
</skipped>
</testcase>
<testcase name="Health Checks › Docs loads" classname="01-health.spec.ts" time="0">
<skipped>
</skipped>
</testcase>
<testcase name="Health Checks › Database connection works" classname="01-health.spec.ts" time="0">
<skipped>
</skipped>
</testcase>
<testcase name="Health Checks › Redis connection works" classname="01-health.spec.ts" time="0">
<skipped>
</skipped>
</testcase>
</testsuite>
<testsuite name="02-subdomain-routing.spec.ts" timestamp="2025-12-07T01:25:20.070Z" hostname="chromium" tests="5" failures="0" skipped="5" time="0" errors="0">
<testcase name="Subdomain Routing › snapback.dev serves marketing" classname="02-subdomain-routing.spec.ts" time="0">
<skipped>
</skipped>
</testcase>
<testcase name="Subdomain Routing › console.snapback.dev routes to SaaS" classname="02-subdomain-routing.spec.ts" time="0">
<skipped>
</skipped>
</testcase>
<testcase name="Subdomain Routing › docs.snapback.dev routes to docs" classname="02-subdomain-routing.spec.ts" time="0">
<skipped>
</skipped>
</testcase>
<testcase name="Subdomain Routing › api.snapback.dev returns JSON" classname="02-subdomain-routing.spec.ts" time="0">
<skipped>
</skipped>
</testcase>
<testcase name="Subdomain Routing › Cookies work across subdomains" classname="02-subdomain-routing.spec.ts" time="0">
<skipped>
</skipped>
</testcase>
</testsuite>
<testsuite name="03-cross-service.spec.ts" timestamp="2025-12-07T01:25:20.070Z" hostname="chromium" tests="4" failures="0" skipped="4" time="0" errors="0">
<testcase name="Cross-Service Integration › Web → API: Fetch user data" classname="03-cross-service.spec.ts" time="0">
<skipped>
</skipped>
</testcase>
<testcase name="Cross-Service Integration › API → Database: Query executes" classname="03-cross-service.spec.ts" time="0">
<skipped>
</skipped>
</testcase>
<testcase name="Cross-Service Integration › MCP → API: Tool calls API" classname="03-cross-service.spec.ts" time="0">
<skipped>
</skipped>
</testcase>
<testcase name="Cross-Service Integration › Docs → API: Search calls API" classname="03-cross-service.spec.ts" time="0">
<skipped>
</skipped>
</testcase>
</testsuite>
<testsuite name="04-auth-flow.spec.ts" timestamp="2025-12-07T01:25:20.070Z" hostname="chromium" tests="19" failures="0" skipped="19" time="0" errors="0">
<testcase name="Authentication Flow › Sign Up Flow › user can sign up with valid credentials" classname="04-auth-flow.spec.ts" time="0">
<skipped>
</skipped>
</testcase>
<testcase name="Authentication Flow › Sign Up Flow › sign up fails with invalid email" classname="04-auth-flow.spec.ts" time="0">
<skipped>
</skipped>
</testcase>
<testcase name="Authentication Flow › Sign Up Flow › sign up fails with weak password" classname="04-auth-flow.spec.ts" time="0">
<skipped>
</skipped>
</testcase>
<testcase name="Authentication Flow › Sign Up Flow › sign up fails when passwords don&apos;t match" classname="04-auth-flow.spec.ts" time="0">
<skipped>
</skipped>
</testcase>
<testcase name="Authentication Flow › Email Verification › user can verify email with valid token" classname="04-auth-flow.spec.ts" time="0">
<skipped>
</skipped>
</testcase>
<testcase name="Authentication Flow › Email Verification › email verification fails with expired token" classname="04-auth-flow.spec.ts" time="0">
<skipped>
</skipped>
</testcase>
<testcase name="Authentication Flow › Login Flow › user can log in with valid credentials" classname="04-auth-flow.spec.ts" time="0">
<skipped>
</skipped>
</testcase>
<testcase name="Authentication Flow › Login Flow › login fails with invalid credentials" classname="04-auth-flow.spec.ts" time="0">
<skipped>
</skipped>
</testcase>
<testcase name="Authentication Flow › Login Flow › login shows rate limiting after too many attempts" classname="04-auth-flow.spec.ts" time="0">
<skipped>
</skipped>
</testcase>
<testcase name="Authentication Flow › Logout Flow › user can log out successfully" classname="04-auth-flow.spec.ts" time="0">
<skipped>
</skipped>
</testcase>
<testcase name="Authentication Flow › Logout Flow › session is invalidated after logout" classname="04-auth-flow.spec.ts" time="0">
<skipped>
</skipped>
</testcase>
<testcase name="Authentication Flow › Password Reset › user can reset password with valid email" classname="04-auth-flow.spec.ts" time="0">
<skipped>
</skipped>
</testcase>
<testcase name="Authentication Flow › Password Reset › password reset fails with non-existent email" classname="04-auth-flow.spec.ts" time="0">
<skipped>
</skipped>
</testcase>
<testcase name="Authentication Flow › Password Reset › user can set new password with valid reset token" classname="04-auth-flow.spec.ts" time="0">
<skipped>
</skipped>
</testcase>
<testcase name="Authentication Flow › Password Reset › password reset fails with weak new password" classname="04-auth-flow.spec.ts" time="0">
<skipped>
</skipped>
</testcase>
<testcase name="Authentication Flow › Session Persistence › user session persists after page refresh" classname="04-auth-flow.spec.ts" time="0">
<skipped>
</skipped>
</testcase>
<testcase name="Authentication Flow › Session Persistence › session expires after inactivity timeout" classname="04-auth-flow.spec.ts" time="0">
<skipped>
</skipped>
</testcase>
<testcase name="Authentication Flow › Auth Across Subdomains › session cookie works across subdomains" classname="04-auth-flow.spec.ts" time="0">
<skipped>
</skipped>
</testcase>
<testcase name="Authentication Flow › Auth Across Subdomains › API requests include auth credentials across subdomains" classname="04-auth-flow.spec.ts" time="0">
<skipped>
</skipped>
</testcase>
</testsuite>
<testsuite name="05-api-integration.spec.ts" timestamp="2025-12-07T01:25:20.070Z" hostname="chromium" tests="13" failures="0" skipped="13" time="0" errors="0">
<testcase name="API Integration › API Key Creation › user can create API key with valid credentials" classname="05-api-integration.spec.ts" time="0">
<skipped>
</skipped>
</testcase>
<testcase name="API Integration › API Key Creation › API key creation fails without authentication" classname="05-api-integration.spec.ts" time="0">
<skipped>
</skipped>
</testcase>
<testcase name="API Integration › API Key Creation › API key creation fails with invalid permissions" classname="05-api-integration.spec.ts" time="0">
<skipped>
</skipped>
</testcase>
<testcase name="API Integration › API Key Usage › API requests work with valid API key" classname="05-api-integration.spec.ts" time="0">
<skipped>
</skipped>
</testcase>
<testcase name="API Integration › API Key Usage › API requests fail with invalid API key" classname="05-api-integration.spec.ts" time="0">
<skipped>
</skipped>
</testcase>
<testcase name="API Integration › API Key Usage › API requests fail with expired API key" classname="05-api-integration.spec.ts" time="0">
<skipped>
</skipped>
</testcase>
<testcase name="API Integration › API Key Permissions › read-only API key can read but not write" classname="05-api-integration.spec.ts" time="0">
<skipped>
</skipped>
</testcase>
<testcase name="API Integration › API Key Permissions › admin API key has full access" classname="05-api-integration.spec.ts" time="0">
<skipped>
</skipped>
</testcase>
<testcase name="API Integration › Rate Limiting › API requests are rate limited after threshold" classname="05-api-integration.spec.ts" time="0">
<skipped>
</skipped>
</testcase>
<testcase name="API Integration › Rate Limiting › rate limit resets after time window" classname="05-api-integration.spec.ts" time="0">
<skipped>
</skipped>
</testcase>
<testcase name="API Integration › Error Handling › API returns proper error format for bad requests" classname="05-api-integration.spec.ts" time="0">
<skipped>
</skipped>
</testcase>
<testcase name="API Integration › Error Handling › API returns proper error for not found resources" classname="05-api-integration.spec.ts" time="0">
<skipped>
</skipped>
</testcase>
<testcase name="API Integration › Error Handling › API handles malformed requests gracefully" classname="05-api-integration.spec.ts" time="0">
<skipped>
</skipped>
</testcase>
</testsuite>
<testsuite name="06-mcp-tools.spec.ts" timestamp="2025-12-07T01:25:20.070Z" hostname="chromium" tests="13" failures="0" skipped="13" time="0" errors="0">
<testcase name="MCP Tools › List Available Tools › user can list available MCP tools" classname="06-mcp-tools.spec.ts" time="0">
<skipped>
</skipped>
</testcase>
<testcase name="MCP Tools › List Available Tools › tool listing includes proper metadata" classname="06-mcp-tools.spec.ts" time="0">
<skipped>
</skipped>
</testcase>
<testcase name="MCP Tools › List Available Tools › tool listing fails without authentication" classname="06-mcp-tools.spec.ts" time="0">
<skipped>
</skipped>
</testcase>
<testcase name="MCP Tools › Execute create-snapshot Tool › user can execute create-snapshot tool with valid parameters" classname="06-mcp-tools.spec.ts" time="0">
<skipped>
</skipped>
</testcase>
<testcase name="MCP Tools › Execute create-snapshot Tool › create-snapshot fails with missing required parameters" classname="06-mcp-tools.spec.ts" time="0">
<skipped>
</skipped>
</testcase>
<testcase name="MCP Tools › Execute create-snapshot Tool › create-snapshot fails with invalid file paths" classname="06-mcp-tools.spec.ts" time="0">
<skipped>
</skipped>
</testcase>
<testcase name="MCP Tools › Execute restore-snapshot Tool › user can execute restore-snapshot tool with valid parameters" classname="06-mcp-tools.spec.ts" time="0">
<skipped>
</skipped>
</testcase>
<testcase name="MCP Tools › Execute restore-snapshot Tool › restore-snapshot fails with non-existent snapshot" classname="06-mcp-tools.spec.ts" time="0">
<skipped>
</skipped>
</testcase>
<testcase name="MCP Tools › Execute analyze-risk Tool › user can execute analyze-risk tool with valid parameters" classname="06-mcp-tools.spec.ts" time="0">
<skipped>
</skipped>
</testcase>
<testcase name="MCP Tools › Execute analyze-risk Tool › analyze-risk fails with unsupported AI provider" classname="06-mcp-tools.spec.ts" time="0">
<skipped>
</skipped>
</testcase>
<testcase name="MCP Tools › MCP Error Handling › MCP returns proper error format for tool execution errors" classname="06-mcp-tools.spec.ts" time="0">
<skipped>
</skipped>
</testcase>
<testcase name="MCP Tools › MCP Error Handling › MCP handles rate limiting for tool executions" classname="06-mcp-tools.spec.ts" time="0">
<skipped>
</skipped>
</testcase>
<testcase name="MCP Tools › MCP Error Handling › MCP tools respect user permissions" classname="06-mcp-tools.spec.ts" time="0">
<skipped>
</skipped>
</testcase>
</testsuite>
<testsuite name="07-docs-search.spec.ts" timestamp="2025-12-07T01:25:20.070Z" hostname="chromium" tests="14" failures="0" skipped="14" time="0" errors="0">
<testcase name="Documentation Search › Search Functionality (Cmd+K) › user can open search with Cmd+K shortcut" classname="07-docs-search.spec.ts" time="0">
<skipped>
</skipped>
</testcase>
<testcase name="Documentation Search › Search Functionality (Cmd+K) › user can type search query and see results" classname="07-docs-search.spec.ts" time="0">
<skipped>
</skipped>
</testcase>
<testcase name="Documentation Search › Search Functionality (Cmd+K) › search shows no results for non-existent terms" classname="07-docs-search.spec.ts" time="0">
<skipped>
</skipped>
</testcase>
<testcase name="Documentation Search › Search Functionality (Cmd+K) › search filters results by category" classname="07-docs-search.spec.ts" time="0">
<skipped>
</skipped>
</testcase>
<testcase name="Documentation Search › Search Results Display › search results show proper metadata" classname="07-docs-search.spec.ts" time="0">
<skipped>
</skipped>
</testcase>
<testcase name="Documentation Search › Search Results Display › search results are properly ranked" classname="07-docs-search.spec.ts" time="0">
<skipped>
</skipped>
</testcase>
<testcase name="Documentation Search › Search Results Display › search results highlight search terms" classname="07-docs-search.spec.ts" time="0">
<skipped>
</skipped>
</testcase>
<testcase name="Documentation Search › Navigate to Search Result › user can click search result to navigate to page" classname="07-docs-search.spec.ts" time="0">
<skipped>
</skipped>
</testcase>
<testcase name="Documentation Search › Navigate to Search Result › navigation preserves search context" classname="07-docs-search.spec.ts" time="0">
<skipped>
</skipped>
</testcase>
<testcase name="Documentation Search › Navigate to Search Result › user can navigate back to search results" classname="07-docs-search.spec.ts" time="0">
<skipped>
</skipped>
</testcase>
<testcase name="Documentation Search › Docs Navigation › sidebar navigation works correctly" classname="07-docs-search.spec.ts" time="0">
<skipped>
</skipped>
</testcase>
<testcase name="Documentation Search › Docs Navigation › breadcrumb navigation works" classname="07-docs-search.spec.ts" time="0">
<skipped>
</skipped>
</testcase>
<testcase name="Documentation Search › Docs Navigation › table of contents navigation works" classname="07-docs-search.spec.ts" time="0">
<skipped>
</skipped>
</testcase>
<testcase name="Documentation Search › Docs Navigation › next/previous page navigation works" classname="07-docs-search.spec.ts" time="0">
<skipped>
</skipped>
</testcase>
</testsuite>
<testsuite name="08-full-user-journey.spec.ts" timestamp="2025-12-07T01:25:20.070Z" hostname="chromium" tests="6" failures="0" skipped="6" time="0" errors="0">
<testcase name="Full User Journey › Complete flow: signup → verify → login → create API key → use MCP → view analytics → search docs › new user can complete entire workflow" classname="08-full-user-journey.spec.ts" time="0">
<skipped>
</skipped>
</testcase>
<testcase name="Full User Journey › Complete flow: signup → verify → login → create API key → use MCP → view analytics → search docs › user can navigate between services seamlessly" classname="08-full-user-journey.spec.ts" time="0">
<skipped>
</skipped>
</testcase>
<testcase name="Full User Journey › Multi-page journey › user workflow spans multiple pages and sessions" classname="08-full-user-journey.spec.ts" time="0">
<skipped>
</skipped>
</testcase>
<testcase name="Full User Journey › Cross-service integration › data flows correctly between web, API, MCP, and Docs" classname="08-full-user-journey.spec.ts" time="0">
<skipped>
</skipped>
</testcase>
<testcase name="Full User Journey › End-to-end validation › all services report healthy status throughout journey" classname="08-full-user-journey.spec.ts" time="0">
<skipped>
</skipped>
</testcase>
<testcase name="Full User Journey › End-to-end validation › user data is consistent across all services" classname="08-full-user-journey.spec.ts" time="0">
<skipped>
</skipped>
</testcase>
</testsuite>
<testsuite name="09-performance.spec.ts" timestamp="2025-12-07T01:25:20.070Z" hostname="chromium" tests="8" failures="0" skipped="8" time="0" errors="0">
<testcase name="Performance › Page load times &lt; 2s › marketing page loads within 2 seconds" classname="09-performance.spec.ts" time="0">
<skipped>
</skipped>
</testcase>
<testcase name="Performance › Page load times &lt; 2s › dashboard page loads within 2 seconds" classname="09-performance.spec.ts" time="0">
<skipped>
</skipped>
</testcase>
<testcase name="Performance › Page load times &lt; 2s › documentation page loads within 2 seconds" classname="09-performance.spec.ts" time="0">
<skipped>
</skipped>
</testcase>
<testcase name="Performance › API response times &lt; 200ms › health check endpoint responds within 200ms" classname="09-performance.spec.ts" time="0">
<skipped>
</skipped>
</testcase>
<testcase name="Performance › API response times &lt; 200ms › user profile endpoint responds within 200ms" classname="09-performance.spec.ts" time="0">
<skipped>
</skipped>
</testcase>
<testcase name="Performance › API response times &lt; 200ms › MCP health endpoint responds within 200ms" classname="09-performance.spec.ts" time="0">
<skipped>
</skipped>
</testcase>
<testcase name="Performance › Search response &lt; 500ms › documentation search responds within 500ms" classname="09-performance.spec.ts" time="0">
<skipped>
</skipped>
</testcase>
<testcase name="Performance › Search response &lt; 500ms › API search endpoint responds within 500ms" classname="09-performance.spec.ts" time="0">
<skipped>
</skipped>
</testcase>
</testsuite>
<testsuite name="security/auth-security.spec.ts" timestamp="2025-12-07T01:25:20.070Z" hostname="chromium" tests="14" failures="0" skipped="14" time="0" errors="0">
<testcase name="Security Features E2E › Cross-Subdomain Cookies › session cookies persist across subdomains" classname="security/auth-security.spec.ts" time="0">
<skipped>
</skipped>
</testcase>
<testcase name="Security Features E2E › Cross-Subdomain Cookies › cookies sent with credentials: include" classname="security/auth-security.spec.ts" time="0">
<skipped>
</skipped>
</testcase>
<testcase name="Security Features E2E › Adaptive Turnstile › shows challenge after 5 failed login attempts" classname="security/auth-security.spec.ts" time="0">
<skipped>
</skipped>
</testcase>
<testcase name="Security Features E2E › Adaptive Turnstile › bypass cookie works after successful challenge" classname="security/auth-security.spec.ts" time="0">
<skipped>
</skipped>
</testcase>
<testcase name="Security Features E2E › Step-Up Authentication › requires step-up for billing operations" classname="security/auth-security.spec.ts" time="0">
<skipped>
</skipped>
</testcase>
<testcase name="Security Features E2E › Step-Up Authentication › step-up window expires after 300s" classname="security/auth-security.spec.ts" time="0">
<skipped>
</skipped>
</testcase>
<testcase name="Security Features E2E › Passkey Enforcement › requires passkey for API key creation" classname="security/auth-security.spec.ts" time="0">
<skipped>
</skipped>
</testcase>
<testcase name="Security Features E2E › Passkey Enforcement › enforces passkey enrollment after TOTP use" classname="security/auth-security.spec.ts" time="0">
<skipped>
</skipped>
</testcase>
<testcase name="Security Features E2E › RLS Tenant Isolation › prevents cross-org data access" classname="security/auth-security.spec.ts" time="0">
<skipped>
</skipped>
</testcase>
<testcase name="Security Features E2E › HIBP Password Validation › rejects breached passwords" classname="security/auth-security.spec.ts" time="0">
<skipped>
</skipped>
</testcase>
<testcase name="Security Features E2E › Security Headers › includes all required security headers" classname="security/auth-security.spec.ts" time="0">
<skipped>
</skipped>
</testcase>
<testcase name="Security Features E2E › Security Headers › CSP blocks inline scripts" classname="security/auth-security.spec.ts" time="0">
<skipped>
</skipped>
</testcase>
<testcase name="Security Features E2E › JWT for Tools Only › rejects JWT from browser User-Agent" classname="security/auth-security.spec.ts" time="0">
<skipped>
</skipped>
</testcase>
<testcase name="Security Features E2E › JWT for Tools Only › accepts JWT from tool User-Agent" classname="security/auth-security.spec.ts" time="0">
<properties>
<property name="skip" value="">
</property>
</properties>
<skipped>
</skipped>
</testcase>
</testsuite>
<testsuite name="01-health.spec.ts" timestamp="2025-12-07T01:25:20.070Z" hostname="firefox" tests="7" failures="0" skipped="7" time="0" errors="0">
<testcase name="Health Checks › API health endpoint responds" classname="01-health.spec.ts" time="0">
<skipped>
</skipped>
</testcase>
<testcase name="Health Checks › MCP health endpoint responds" classname="01-health.spec.ts" time="0">
<skipped>
</skipped>
</testcase>
<testcase name="Health Checks › Web app loads" classname="01-health.spec.ts" time="0">
<skipped>
</skipped>
</testcase>
<testcase name="Health Checks › Console loads" classname="01-health.spec.ts" time="0">
<skipped>
</skipped>
</testcase>
<testcase name="Health Checks › Docs loads" classname="01-health.spec.ts" time="0">
<skipped>
</skipped>
</testcase>
<testcase name="Health Checks › Database connection works" classname="01-health.spec.ts" time="0">
<skipped>
</skipped>
</testcase>
<testcase name="Health Checks › Redis connection works" classname="01-health.spec.ts" time="0">
<skipped>
</skipped>
</testcase>
</testsuite>
<testsuite name="02-subdomain-routing.spec.ts" timestamp="2025-12-07T01:25:20.070Z" hostname="firefox" tests="5" failures="0" skipped="5" time="0" errors="0">
<testcase name="Subdomain Routing › snapback.dev serves marketing" classname="02-subdomain-routing.spec.ts" time="0">
<skipped>
</skipped>
</testcase>
<testcase name="Subdomain Routing › console.snapback.dev routes to SaaS" classname="02-subdomain-routing.spec.ts" time="0">
<skipped>
</skipped>
</testcase>
<testcase name="Subdomain Routing › docs.snapback.dev routes to docs" classname="02-subdomain-routing.spec.ts" time="0">
<skipped>
</skipped>
</testcase>
<testcase name="Subdomain Routing › api.snapback.dev returns JSON" classname="02-subdomain-routing.spec.ts" time="0">
<skipped>
</skipped>
</testcase>
<testcase name="Subdomain Routing › Cookies work across subdomains" classname="02-subdomain-routing.spec.ts" time="0">
<skipped>
</skipped>
</testcase>
</testsuite>
<testsuite name="03-cross-service.spec.ts" timestamp="2025-12-07T01:25:20.070Z" hostname="firefox" tests="4" failures="0" skipped="4" time="0" errors="0">
<testcase name="Cross-Service Integration › Web → API: Fetch user data" classname="03-cross-service.spec.ts" time="0">
<skipped>
</skipped>
</testcase>
<testcase name="Cross-Service Integration › API → Database: Query executes" classname="03-cross-service.spec.ts" time="0">
<skipped>
</skipped>
</testcase>
<testcase name="Cross-Service Integration › MCP → API: Tool calls API" classname="03-cross-service.spec.ts" time="0">
<skipped>
</skipped>
</testcase>
<testcase name="Cross-Service Integration › Docs → API: Search calls API" classname="03-cross-service.spec.ts" time="0">
<skipped>
</skipped>
</testcase>
</testsuite>
<testsuite name="04-auth-flow.spec.ts" timestamp="2025-12-07T01:25:20.070Z" hostname="firefox" tests="19" failures="0" skipped="19" time="0" errors="0">
<testcase name="Authentication Flow › Sign Up Flow › user can sign up with valid credentials" classname="04-auth-flow.spec.ts" time="0">
<skipped>
</skipped>
</testcase>
<testcase name="Authentication Flow › Sign Up Flow › sign up fails with invalid email" classname="04-auth-flow.spec.ts" time="0">
<skipped>
</skipped>
</testcase>
<testcase name="Authentication Flow › Sign Up Flow › sign up fails with weak password" classname="04-auth-flow.spec.ts" time="0">
<skipped>
</skipped>
</testcase>
<testcase name="Authentication Flow › Sign Up Flow › sign up fails when passwords don&apos;t match" classname="04-auth-flow.spec.ts" time="0">
<skipped>
</skipped>
</testcase>
<testcase name="Authentication Flow › Email Verification › user can verify email with valid token" classname="04-auth-flow.spec.ts" time="0">
<skipped>
</skipped>
</testcase>
<testcase name="Authentication Flow › Email Verification › email verification fails with expired token" classname="04-auth-flow.spec.ts" time="0">
<skipped>
</skipped>
</testcase>
<testcase name="Authentication Flow › Login Flow › user can log in with valid credentials" classname="04-auth-flow.spec.ts" time="0">
<skipped>
</skipped>
</testcase>
<testcase name="Authentication Flow › Login Flow › login fails with invalid credentials" classname="04-auth-flow.spec.ts" time="0">
<skipped>
</skipped>
</testcase>
<testcase name="Authentication Flow › Login Flow › login shows rate limiting after too many attempts" classname="04-auth-flow.spec.ts" time="0">
<skipped>
</skipped>
</testcase>
<testcase name="Authentication Flow › Logout Flow › user can log out successfully" classname="04-auth-flow.spec.ts" time="0">
<skipped>
</skipped>
</testcase>
<testcase name="Authentication Flow › Logout Flow › session is invalidated after logout" classname="04-auth-flow.spec.ts" time="0">
<skipped>
</skipped>
</testcase>
<testcase name="Authentication Flow › Password Reset › user can reset password with valid email" classname="04-auth-flow.spec.ts" time="0">
<skipped>
</skipped>
</testcase>
<testcase name="Authentication Flow › Password Reset › password reset fails with non-existent email" classname="04-auth-flow.spec.ts" time="0">
<skipped>
</skipped>
</testcase>
<testcase name="Authentication Flow › Password Reset › user can set new password with valid reset token" classname="04-auth-flow.spec.ts" time="0">
<skipped>
</skipped>
</testcase>
<testcase name="Authentication Flow › Password Reset › password reset fails with weak new password" classname="04-auth-flow.spec.ts" time="0">
<skipped>
</skipped>
</testcase>
<testcase name="Authentication Flow › Session Persistence › user session persists after page refresh" classname="04-auth-flow.spec.ts" time="0">
<skipped>
</skipped>
</testcase>
<testcase name="Authentication Flow › Session Persistence › session expires after inactivity timeout" classname="04-auth-flow.spec.ts" time="0">
<skipped>
</skipped>
</testcase>
<testcase name="Authentication Flow › Auth Across Subdomains › session cookie works across subdomains" classname="04-auth-flow.spec.ts" time="0">
<skipped>
</skipped>
</testcase>
<testcase name="Authentication Flow › Auth Across Subdomains › API requests include auth credentials across subdomains" classname="04-auth-flow.spec.ts" time="0">
<skipped>
</skipped>
</testcase>
</testsuite>
<testsuite name="05-api-integration.spec.ts" timestamp="2025-12-07T01:25:20.070Z" hostname="firefox" tests="13" failures="0" skipped="13" time="0" errors="0">
<testcase name="API Integration › API Key Creation › user can create API key with valid credentials" classname="05-api-integration.spec.ts" time="0">
<skipped>
</skipped>
</testcase>
<testcase name="API Integration › API Key Creation › API key creation fails without authentication" classname="05-api-integration.spec.ts" time="0">
<skipped>
</skipped>
</testcase>
<testcase name="API Integration › API Key Creation › API key creation fails with invalid permissions" classname="05-api-integration.spec.ts" time="0">
<skipped>
</skipped>
</testcase>
<testcase name="API Integration › API Key Usage › API requests work with valid API key" classname="05-api-integration.spec.ts" time="0">
<skipped>
</skipped>
</testcase>
<testcase name="API Integration › API Key Usage › API requests fail with invalid API key" classname="05-api-integration.spec.ts" time="0">
<skipped>
</skipped>
</testcase>
<testcase name="API Integration › API Key Usage › API requests fail with expired API key" classname="05-api-integration.spec.ts" time="0">
<skipped>
</skipped>
</testcase>
<testcase name="API Integration › API Key Permissions › read-only API key can read but not write" classname="05-api-integration.spec.ts" time="0">
<skipped>
</skipped>
</testcase>
<testcase name="API Integration › API Key Permissions › admin API key has full access" classname="05-api-integration.spec.ts" time="0">
<skipped>
</skipped>
</testcase>
<testcase name="API Integration › Rate Limiting › API requests are rate limited after threshold" classname="05-api-integration.spec.ts" time="0">
<skipped>
</skipped>
</testcase>
<testcase name="API Integration › Rate Limiting › rate limit resets after time window" classname="05-api-integration.spec.ts" time="0">
<skipped>
</skipped>
</testcase>
<testcase name="API Integration › Error Handling › API returns proper error format for bad requests" classname="05-api-integration.spec.ts" time="0">
<skipped>
</skipped>
</testcase>
<testcase name="API Integration › Error Handling › API returns proper error for not found resources" classname="05-api-integration.spec.ts" time="0">
<skipped>
</skipped>
</testcase>
<testcase name="API Integration › Error Handling › API handles malformed requests gracefully" classname="05-api-integration.spec.ts" time="0">
<skipped>
</skipped>
</testcase>
</testsuite>
<testsuite name="06-mcp-tools.spec.ts" timestamp="2025-12-07T01:25:20.070Z" hostname="firefox" tests="13" failures="0" skipped="13" time="0" errors="0">
<testcase name="MCP Tools › List Available Tools › user can list available MCP tools" classname="06-mcp-tools.spec.ts" time="0">
<skipped>
</skipped>
</testcase>
<testcase name="MCP Tools › List Available Tools › tool listing includes proper metadata" classname="06-mcp-tools.spec.ts" time="0">
<skipped>
</skipped>
</testcase>
<testcase name="MCP Tools › List Available Tools › tool listing fails without authentication" classname="06-mcp-tools.spec.ts" time="0">
<skipped>
</skipped>
</testcase>
<testcase name="MCP Tools › Execute create-snapshot Tool › user can execute create-snapshot tool with valid parameters" classname="06-mcp-tools.spec.ts" time="0">
<skipped>
</skipped>
</testcase>
<testcase name="MCP Tools › Execute create-snapshot Tool › create-snapshot fails with missing required parameters" classname="06-mcp-tools.spec.ts" time="0">
<skipped>
</skipped>
</testcase>
<testcase name="MCP Tools › Execute create-snapshot Tool › create-snapshot fails with invalid file paths" classname="06-mcp-tools.spec.ts" time="0">
<skipped>
</skipped>
</testcase>
<testcase name="MCP Tools › Execute restore-snapshot Tool › user can execute restore-snapshot tool with valid parameters" classname="06-mcp-tools.spec.ts" time="0">
<skipped>
</skipped>
</testcase>
<testcase name="MCP Tools › Execute restore-snapshot Tool › restore-snapshot fails with non-existent snapshot" classname="06-mcp-tools.spec.ts" time="0">
<skipped>
</skipped>
</testcase>
<testcase name="MCP Tools › Execute analyze-risk Tool › user can execute analyze-risk tool with valid parameters" classname="06-mcp-tools.spec.ts" time="0">
<skipped>
</skipped>
</testcase>
<testcase name="MCP Tools › Execute analyze-risk Tool › analyze-risk fails with unsupported AI provider" classname="06-mcp-tools.spec.ts" time="0">
<skipped>
</skipped>
</testcase>
<testcase name="MCP Tools › MCP Error Handling › MCP returns proper error format for tool execution errors" classname="06-mcp-tools.spec.ts" time="0">
<skipped>
</skipped>
</testcase>
<testcase name="MCP Tools › MCP Error Handling › MCP handles rate limiting for tool executions" classname="06-mcp-tools.spec.ts" time="0">
<skipped>
</skipped>
</testcase>
<testcase name="MCP Tools › MCP Error Handling › MCP tools respect user permissions" classname="06-mcp-tools.spec.ts" time="0">
<skipped>
</skipped>
</testcase>
</testsuite>
<testsuite name="07-docs-search.spec.ts" timestamp="2025-12-07T01:25:20.070Z" hostname="firefox" tests="14" failures="0" skipped="14" time="0" errors="0">
<testcase name="Documentation Search › Search Functionality (Cmd+K) › user can open search with Cmd+K shortcut" classname="07-docs-search.spec.ts" time="0">
<skipped>
</skipped>
</testcase>
<testcase name="Documentation Search › Search Functionality (Cmd+K) › user can type search query and see results" classname="07-docs-search.spec.ts" time="0">
<skipped>
</skipped>
</testcase>
<testcase name="Documentation Search › Search Functionality (Cmd+K) › search shows no results for non-existent terms" classname="07-docs-search.spec.ts" time="0">
<skipped>
</skipped>
</testcase>
<testcase name="Documentation Search › Search Functionality (Cmd+K) › search filters results by category" classname="07-docs-search.spec.ts" time="0">
<skipped>
</skipped>
</testcase>
<testcase name="Documentation Search › Search Results Display › search results show proper metadata" classname="07-docs-search.spec.ts" time="0">
<skipped>
</skipped>
</testcase>
<testcase name="Documentation Search › Search Results Display › search results are properly ranked" classname="07-docs-search.spec.ts" time="0">
<skipped>
</skipped>
</testcase>
<testcase name="Documentation Search › Search Results Display › search results highlight search terms" classname="07-docs-search.spec.ts" time="0">
<skipped>
</skipped>
</testcase>
<testcase name="Documentation Search › Navigate to Search Result › user can click search result to navigate to page" classname="07-docs-search.spec.ts" time="0">
<skipped>
</skipped>
</testcase>
<testcase name="Documentation Search › Navigate to Search Result › navigation preserves search context" classname="07-docs-search.spec.ts" time="0">
<skipped>
</skipped>
</testcase>
<testcase name="Documentation Search › Navigate to Search Result › user can navigate back to search results" classname="07-docs-search.spec.ts" time="0">
<skipped>
</skipped>
</testcase>
<testcase name="Documentation Search › Docs Navigation › sidebar navigation works correctly" classname="07-docs-search.spec.ts" time="0">
<skipped>
</skipped>
</testcase>
<testcase name="Documentation Search › Docs Navigation › breadcrumb navigation works" classname="07-docs-search.spec.ts" time="0">
<skipped>
</skipped>
</testcase>
<testcase name="Documentation Search › Docs Navigation › table of contents navigation works" classname="07-docs-search.spec.ts" time="0">
<skipped>
</skipped>
</testcase>
<testcase name="Documentation Search › Docs Navigation › next/previous page navigation works" classname="07-docs-search.spec.ts" time="0">
<skipped>
</skipped>
</testcase>
</testsuite>
<testsuite name="08-full-user-journey.spec.ts" timestamp="2025-12-07T01:25:20.070Z" hostname="firefox" tests="6" failures="0" skipped="6" time="0" errors="0">
<testcase name="Full User Journey › Complete flow: signup → verify → login → create API key → use MCP → view analytics → search docs › new user can complete entire workflow" classname="08-full-user-journey.spec.ts" time="0">
<skipped>
</skipped>
</testcase>
<testcase name="Full User Journey › Complete flow: signup → verify → login → create API key → use MCP → view analytics → search docs › user can navigate between services seamlessly" classname="08-full-user-journey.spec.ts" time="0">
<skipped>
</skipped>
</testcase>
<testcase name="Full User Journey › Multi-page journey › user workflow spans multiple pages and sessions" classname="08-full-user-journey.spec.ts" time="0">
<skipped>
</skipped>
</testcase>
<testcase name="Full User Journey › Cross-service integration › data flows correctly between web, API, MCP, and Docs" classname="08-full-user-journey.spec.ts" time="0">
<skipped>
</skipped>
</testcase>
<testcase name="Full User Journey › End-to-end validation › all services report healthy status throughout journey" classname="08-full-user-journey.spec.ts" time="0">
<skipped>
</skipped>
</testcase>
<testcase name="Full User Journey › End-to-end validation › user data is consistent across all services" classname="08-full-user-journey.spec.ts" time="0">
<skipped>
</skipped>
</testcase>
</testsuite>
<testsuite name="09-performance.spec.ts" timestamp="2025-12-07T01:25:20.070Z" hostname="firefox" tests="8" failures="0" skipped="8" time="0" errors="0">
<testcase name="Performance › Page load times &lt; 2s › marketing page loads within 2 seconds" classname="09-performance.spec.ts" time="0">
<skipped>
</skipped>
</testcase>
<testcase name="Performance › Page load times &lt; 2s › dashboard page loads within 2 seconds" classname="09-performance.spec.ts" time="0">
<skipped>
</skipped>
</testcase>
<testcase name="Performance › Page load times &lt; 2s › documentation page loads within 2 seconds" classname="09-performance.spec.ts" time="0">
<skipped>
</skipped>
</testcase>
<testcase name="Performance › API response times &lt; 200ms › health check endpoint responds within 200ms" classname="09-performance.spec.ts" time="0">
<skipped>
</skipped>
</testcase>
<testcase name="Performance › API response times &lt; 200ms › user profile endpoint responds within 200ms" classname="09-performance.spec.ts" time="0">
<skipped>
</skipped>
</testcase>
<testcase name="Performance › API response times &lt; 200ms › MCP health endpoint responds within 200ms" classname="09-performance.spec.ts" time="0">
<skipped>
</skipped>
</testcase>
<testcase name="Performance › Search response &lt; 500ms › documentation search responds within 500ms" classname="09-performance.spec.ts" time="0">
<skipped>
</skipped>
</testcase>
<testcase name="Performance › Search response &lt; 500ms › API search endpoint responds within 500ms" classname="09-performance.spec.ts" time="0">
<skipped>
</skipped>
</testcase>
</testsuite>
<testsuite name="security/auth-security.spec.ts" timestamp="2025-12-07T01:25:20.070Z" hostname="firefox" tests="14" failures="0" skipped="14" time="0" errors="0">
<testcase name="Security Features E2E › Cross-Subdomain Cookies › session cookies persist across subdomains" classname="security/auth-security.spec.ts" time="0">
<skipped>
</skipped>
</testcase>
<testcase name="Security Features E2E › Cross-Subdomain Cookies › cookies sent with credentials: include" classname="security/auth-security.spec.ts" time="0">
<skipped>
</skipped>
</testcase>
<testcase name="Security Features E2E › Adaptive Turnstile › shows challenge after 5 failed login attempts" classname="security/auth-security.spec.ts" time="0">
<skipped>
</skipped>
</testcase>
<testcase name="Security Features E2E › Adaptive Turnstile › bypass cookie works after successful challenge" classname="security/auth-security.spec.ts" time="0">
<skipped>
</skipped>
</testcase>
<testcase name="Security Features E2E › Step-Up Authentication › requires step-up for billing operations" classname="security/auth-security.spec.ts" time="0">
<skipped>
</skipped>
</testcase>
<testcase name="Security Features E2E › Step-Up Authentication › step-up window expires after 300s" classname="security/auth-security.spec.ts" time="0">
<skipped>
</skipped>
</testcase>
<testcase name="Security Features E2E › Passkey Enforcement › requires passkey for API key creation" classname="security/auth-security.spec.ts" time="0">
<skipped>
</skipped>
</testcase>
<testcase name="Security Features E2E › Passkey Enforcement › enforces passkey enrollment after TOTP use" classname="security/auth-security.spec.ts" time="0">
<skipped>
</skipped>
</testcase>
<testcase name="Security Features E2E › RLS Tenant Isolation › prevents cross-org data access" classname="security/auth-security.spec.ts" time="0">
<skipped>
</skipped>
</testcase>
<testcase name="Security Features E2E › HIBP Password Validation › rejects breached passwords" classname="security/auth-security.spec.ts" time="0">
<skipped>
</skipped>
</testcase>
<testcase name="Security Features E2E › Security Headers › includes all required security headers" classname="security/auth-security.spec.ts" time="0">
<skipped>
</skipped>
</testcase>
<testcase name="Security Features E2E › Security Headers › CSP blocks inline scripts" classname="security/auth-security.spec.ts" time="0">
<skipped>
</skipped>
</testcase>
<testcase name="Security Features E2E › JWT for Tools Only › rejects JWT from browser User-Agent" classname="security/auth-security.spec.ts" time="0">
<skipped>
</skipped>
</testcase>
<testcase name="Security Features E2E › JWT for Tools Only › accepts JWT from tool User-Agent" classname="security/auth-security.spec.ts" time="0">
<properties>
<property name="skip" value="">
</property>
</properties>
<skipped>
</skipped>
</testcase>
</testsuite>
<testsuite name="01-health.spec.ts" timestamp="2025-12-07T01:25:20.070Z" hostname="webkit" tests="7" failures="0" skipped="7" time="0" errors="0">
<testcase name="Health Checks › API health endpoint responds" classname="01-health.spec.ts" time="0">
<skipped>
</skipped>
</testcase>
<testcase name="Health Checks › MCP health endpoint responds" classname="01-health.spec.ts" time="0">
<skipped>
</skipped>
</testcase>
<testcase name="Health Checks › Web app loads" classname="01-health.spec.ts" time="0">
<skipped>
</skipped>
</testcase>
<testcase name="Health Checks › Console loads" classname="01-health.spec.ts" time="0">
<skipped>
</skipped>
</testcase>
<testcase name="Health Checks › Docs loads" classname="01-health.spec.ts" time="0">
<skipped>
</skipped>
</testcase>
<testcase name="Health Checks › Database connection works" classname="01-health.spec.ts" time="0">
<skipped>
</skipped>
</testcase>
<testcase name="Health Checks › Redis connection works" classname="01-health.spec.ts" time="0">
<skipped>
</skipped>
</testcase>
</testsuite>
<testsuite name="02-subdomain-routing.spec.ts" timestamp="2025-12-07T01:25:20.070Z" hostname="webkit" tests="5" failures="0" skipped="5" time="0" errors="0">
<testcase name="Subdomain Routing › snapback.dev serves marketing" classname="02-subdomain-routing.spec.ts" time="0">
<skipped>
</skipped>
</testcase>
<testcase name="Subdomain Routing › console.snapback.dev routes to SaaS" classname="02-subdomain-routing.spec.ts" time="0">
<skipped>
</skipped>
</testcase>
<testcase name="Subdomain Routing › docs.snapback.dev routes to docs" classname="02-subdomain-routing.spec.ts" time="0">
<skipped>
</skipped>
</testcase>
<testcase name="Subdomain Routing › api.snapback.dev returns JSON" classname="02-subdomain-routing.spec.ts" time="0">
<skipped>
</skipped>
</testcase>
<testcase name="Subdomain Routing › Cookies work across subdomains" classname="02-subdomain-routing.spec.ts" time="0">
<skipped>
</skipped>
</testcase>
</testsuite>
<testsuite name="03-cross-service.spec.ts" timestamp="2025-12-07T01:25:20.070Z" hostname="webkit" tests="4" failures="0" skipped="4" time="0" errors="0">
<testcase name="Cross-Service Integration › Web → API: Fetch user data" classname="03-cross-service.spec.ts" time="0">
<skipped>
</skipped>
</testcase>
<testcase name="Cross-Service Integration › API → Database: Query executes" classname="03-cross-service.spec.ts" time="0">
<skipped>
</skipped>
</testcase>
<testcase name="Cross-Service Integration › MCP → API: Tool calls API" classname="03-cross-service.spec.ts" time="0">
<skipped>
</skipped>
</testcase>
<testcase name="Cross-Service Integration › Docs → API: Search calls API" classname="03-cross-service.spec.ts" time="0">
<skipped>
</skipped>
</testcase>
</testsuite>
<testsuite name="04-auth-flow.spec.ts" timestamp="2025-12-07T01:25:20.070Z" hostname="webkit" tests="19" failures="0" skipped="19" time="0" errors="0">
<testcase name="Authentication Flow › Sign Up Flow › user can sign up with valid credentials" classname="04-auth-flow.spec.ts" time="0">
<skipped>
</skipped>
</testcase>
<testcase name="Authentication Flow › Sign Up Flow › sign up fails with invalid email" classname="04-auth-flow.spec.ts" time="0">
<skipped>
</skipped>
</testcase>
<testcase name="Authentication Flow › Sign Up Flow › sign up fails with weak password" classname="04-auth-flow.spec.ts" time="0">
<skipped>
</skipped>
</testcase>
<testcase name="Authentication Flow › Sign Up Flow › sign up fails when passwords don&apos;t match" classname="04-auth-flow.spec.ts" time="0">
<skipped>
</skipped>
</testcase>
<testcase name="Authentication Flow › Email Verification › user can verify email with valid token" classname="04-auth-flow.spec.ts" time="0">
<skipped>
</skipped>
</testcase>
<testcase name="Authentication Flow › Email Verification › email verification fails with expired token" classname="04-auth-flow.spec.ts" time="0">
<skipped>
</skipped>
</testcase>
<testcase name="Authentication Flow › Login Flow › user can log in with valid credentials" classname="04-auth-flow.spec.ts" time="0">
<skipped>
</skipped>
</testcase>
<testcase name="Authentication Flow › Login Flow › login fails with invalid credentials" classname="04-auth-flow.spec.ts" time="0">
<skipped>
</skipped>
</testcase>
<testcase name="Authentication Flow › Login Flow › login shows rate limiting after too many attempts" classname="04-auth-flow.spec.ts" time="0">
<skipped>
</skipped>
</testcase>
<testcase name="Authentication Flow › Logout Flow › user can log out successfully" classname="04-auth-flow.spec.ts" time="0">
<skipped>
</skipped>
</testcase>
<testcase name="Authentication Flow › Logout Flow › session is invalidated after logout" classname="04-auth-flow.spec.ts" time="0">
<skipped>
</skipped>
</testcase>
<testcase name="Authentication Flow › Password Reset › user can reset password with valid email" classname="04-auth-flow.spec.ts" time="0">
<skipped>
</skipped>
</testcase>
<testcase name="Authentication Flow › Password Reset › password reset fails with non-existent email" classname="04-auth-flow.spec.ts" time="0">
<skipped>
</skipped>
</testcase>
<testcase name="Authentication Flow › Password Reset › user can set new password with valid reset token" classname="04-auth-flow.spec.ts" time="0">
<skipped>
</skipped>
</testcase>
<testcase name="Authentication Flow › Password Reset › password reset fails with weak new password" classname="04-auth-flow.spec.ts" time="0">
<skipped>
</skipped>
</testcase>
<testcase name="Authentication Flow › Session Persistence › user session persists after page refresh" classname="04-auth-flow.spec.ts" time="0">
<skipped>
</skipped>
</testcase>
<testcase name="Authentication Flow › Session Persistence › session expires after inactivity timeout" classname="04-auth-flow.spec.ts" time="0">
<skipped>
</skipped>
</testcase>
<testcase name="Authentication Flow › Auth Across Subdomains › session cookie works across subdomains" classname="04-auth-flow.spec.ts" time="0">
<skipped>
</skipped>
</testcase>
<testcase name="Authentication Flow › Auth Across Subdomains › API requests include auth credentials across subdomains" classname="04-auth-flow.spec.ts" time="0">
<skipped>
</skipped>
</testcase>
</testsuite>
<testsuite name="05-api-integration.spec.ts" timestamp="2025-12-07T01:25:20.070Z" hostname="webkit" tests="13" failures="0" skipped="13" time="0" errors="0">
<testcase name="API Integration › API Key Creation › user can create API key with valid credentials" classname="05-api-integration.spec.ts" time="0">
<skipped>
</skipped>
</testcase>
<testcase name="API Integration › API Key Creation › API key creation fails without authentication" classname="05-api-integration.spec.ts" time="0">
<skipped>
</skipped>
</testcase>
<testcase name="API Integration › API Key Creation › API key creation fails with invalid permissions" classname="05-api-integration.spec.ts" time="0">
<skipped>
</skipped>
</testcase>
<testcase name="API Integration › API Key Usage › API requests work with valid API key" classname="05-api-integration.spec.ts" time="0">
<skipped>
</skipped>
</testcase>
<testcase name="API Integration › API Key Usage › API requests fail with invalid API key" classname="05-api-integration.spec.ts" time="0">
<skipped>
</skipped>
</testcase>
<testcase name="API Integration › API Key Usage › API requests fail with expired API key" classname="05-api-integration.spec.ts" time="0">
<skipped>
</skipped>
</testcase>
<testcase name="API Integration › API Key Permissions › read-only API key can read but not write" classname="05-api-integration.spec.ts" time="0">
<skipped>
</skipped>
</testcase>
<testcase name="API Integration › API Key Permissions › admin API key has full access" classname="05-api-integration.spec.ts" time="0">
<skipped>
</skipped>
</testcase>
<testcase name="API Integration › Rate Limiting › API requests are rate limited after threshold" classname="05-api-integration.spec.ts" time="0">
<skipped>
</skipped>
</testcase>
<testcase name="API Integration › Rate Limiting › rate limit resets after time window" classname="05-api-integration.spec.ts" time="0">
<skipped>
</skipped>
</testcase>
<testcase name="API Integration › Error Handling › API returns proper error format for bad requests" classname="05-api-integration.spec.ts" time="0">
<skipped>
</skipped>
</testcase>
<testcase name="API Integration › Error Handling › API returns proper error for not found resources" classname="05-api-integration.spec.ts" time="0">
<skipped>
</skipped>
</testcase>
<testcase name="API Integration › Error Handling › API handles malformed requests gracefully" classname="05-api-integration.spec.ts" time="0">
<skipped>
</skipped>
</testcase>
</testsuite>
<testsuite name="06-mcp-tools.spec.ts" timestamp="2025-12-07T01:25:20.070Z" hostname="webkit" tests="13" failures="0" skipped="13" time="0" errors="0">
<testcase name="MCP Tools › List Available Tools › user can list available MCP tools" classname="06-mcp-tools.spec.ts" time="0">
<skipped>
</skipped>
</testcase>
<testcase name="MCP Tools › List Available Tools › tool listing includes proper metadata" classname="06-mcp-tools.spec.ts" time="0">
<skipped>
</skipped>
</testcase>
<testcase name="MCP Tools › List Available Tools › tool listing fails without authentication" classname="06-mcp-tools.spec.ts" time="0">
<skipped>
</skipped>
</testcase>
<testcase name="MCP Tools › Execute create-snapshot Tool › user can execute create-snapshot tool with valid parameters" classname="06-mcp-tools.spec.ts" time="0">
<skipped>
</skipped>
</testcase>
<testcase name="MCP Tools › Execute create-snapshot Tool › create-snapshot fails with missing required parameters" classname="06-mcp-tools.spec.ts" time="0">
<skipped>
</skipped>
</testcase>
<testcase name="MCP Tools › Execute create-snapshot Tool › create-snapshot fails with invalid file paths" classname="06-mcp-tools.spec.ts" time="0">
<skipped>
</skipped>
</testcase>
<testcase name="MCP Tools › Execute restore-snapshot Tool › user can execute restore-snapshot tool with valid parameters" classname="06-mcp-tools.spec.ts" time="0">
<skipped>
</skipped>
</testcase>
<testcase name="MCP Tools › Execute restore-snapshot Tool › restore-snapshot fails with non-existent snapshot" classname="06-mcp-tools.spec.ts" time="0">
<skipped>
</skipped>
</testcase>
<testcase name="MCP Tools › Execute analyze-risk Tool › user can execute analyze-risk tool with valid parameters" classname="06-mcp-tools.spec.ts" time="0">
<skipped>
</skipped>
</testcase>
<testcase name="MCP Tools › Execute analyze-risk Tool › analyze-risk fails with unsupported AI provider" classname="06-mcp-tools.spec.ts" time="0">
<skipped>
</skipped>
</testcase>
<testcase name="MCP Tools › MCP Error Handling › MCP returns proper error format for tool execution errors" classname="06-mcp-tools.spec.ts" time="0">
<skipped>
</skipped>
</testcase>
<testcase name="MCP Tools › MCP Error Handling › MCP handles rate limiting for tool executions" classname="06-mcp-tools.spec.ts" time="0">
<skipped>
</skipped>
</testcase>
<testcase name="MCP Tools › MCP Error Handling › MCP tools respect user permissions" classname="06-mcp-tools.spec.ts" time="0">
<skipped>
</skipped>
</testcase>
</testsuite>
<testsuite name="07-docs-search.spec.ts" timestamp="2025-12-07T01:25:20.070Z" hostname="webkit" tests="14" failures="0" skipped="14" time="0" errors="0">
<testcase name="Documentation Search › Search Functionality (Cmd+K) › user can open search with Cmd+K shortcut" classname="07-docs-search.spec.ts" time="0">
<skipped>
</skipped>
</testcase>
<testcase name="Documentation Search › Search Functionality (Cmd+K) › user can type search query and see results" classname="07-docs-search.spec.ts" time="0">
<skipped>
</skipped>
</testcase>
<testcase name="Documentation Search › Search Functionality (Cmd+K) › search shows no results for non-existent terms" classname="07-docs-search.spec.ts" time="0">
<skipped>
</skipped>
</testcase>
<testcase name="Documentation Search › Search Functionality (Cmd+K) › search filters results by category" classname="07-docs-search.spec.ts" time="0">
<skipped>
</skipped>
</testcase>
<testcase name="Documentation Search › Search Results Display › search results show proper metadata" classname="07-docs-search.spec.ts" time="0">
<skipped>
</skipped>
</testcase>
<testcase name="Documentation Search › Search Results Display › search results are properly ranked" classname="07-docs-search.spec.ts" time="0">
<skipped>
</skipped>
</testcase>
<testcase name="Documentation Search › Search Results Display › search results highlight search terms" classname="07-docs-search.spec.ts" time="0">
<skipped>
</skipped>
</testcase>
<testcase name="Documentation Search › Navigate to Search Result › user can click search result to navigate to page" classname="07-docs-search.spec.ts" time="0">
<skipped>
</skipped>
</testcase>
<testcase name="Documentation Search › Navigate to Search Result › navigation preserves search context" classname="07-docs-search.spec.ts" time="0">
<skipped>
</skipped>
</testcase>
<testcase name="Documentation Search › Navigate to Search Result › user can navigate back to search results" classname="07-docs-search.spec.ts" time="0">
<skipped>
</skipped>
</testcase>
<testcase name="Documentation Search › Docs Navigation › sidebar navigation works correctly" classname="07-docs-search.spec.ts" time="0">
<skipped>
</skipped>
</testcase>
<testcase name="Documentation Search › Docs Navigation › breadcrumb navigation works" classname="07-docs-search.spec.ts" time="0">
<skipped>
</skipped>
</testcase>
<testcase name="Documentation Search › Docs Navigation › table of contents navigation works" classname="07-docs-search.spec.ts" time="0">
<skipped>
</skipped>
</testcase>
<testcase name="Documentation Search › Docs Navigation › next/previous page navigation works" classname="07-docs-search.spec.ts" time="0">
<skipped>
</skipped>
</testcase>
</testsuite>
<testsuite name="08-full-user-journey.spec.ts" timestamp="2025-12-07T01:25:20.070Z" hostname="webkit" tests="6" failures="0" skipped="6" time="0" errors="0">
<testcase name="Full User Journey › Complete flow: signup → verify → login → create API key → use MCP → view analytics → search docs › new user can complete entire workflow" classname="08-full-user-journey.spec.ts" time="0">
<skipped>
</skipped>
</testcase>
<testcase name="Full User Journey › Complete flow: signup → verify → login → create API key → use MCP → view analytics → search docs › user can navigate between services seamlessly" classname="08-full-user-journey.spec.ts" time="0">
<skipped>
</skipped>
</testcase>
<testcase name="Full User Journey › Multi-page journey › user workflow spans multiple pages and sessions" classname="08-full-user-journey.spec.ts" time="0">
<skipped>
</skipped>
</testcase>
<testcase name="Full User Journey › Cross-service integration › data flows correctly between web, API, MCP, and Docs" classname="08-full-user-journey.spec.ts" time="0">
<skipped>
</skipped>
</testcase>
<testcase name="Full User Journey › End-to-end validation › all services report healthy status throughout journey" classname="08-full-user-journey.spec.ts" time="0">
<skipped>
</skipped>
</testcase>
<testcase name="Full User Journey › End-to-end validation › user data is consistent across all services" classname="08-full-user-journey.spec.ts" time="0">
<skipped>
</skipped>
</testcase>
</testsuite>
<testsuite name="09-performance.spec.ts" timestamp="2025-12-07T01:25:20.070Z" hostname="webkit" tests="8" failures="0" skipped="8" time="0" errors="0">
<testcase name="Performance › Page load times &lt; 2s › marketing page loads within 2 seconds" classname="09-performance.spec.ts" time="0">
<skipped>
</skipped>
</testcase>
<testcase name="Performance › Page load times &lt; 2s › dashboard page loads within 2 seconds" classname="09-performance.spec.ts" time="0">
<skipped>
</skipped>
</testcase>
<testcase name="Performance › Page load times &lt; 2s › documentation page loads within 2 seconds" classname="09-performance.spec.ts" time="0">
<skipped>
</skipped>
</testcase>
<testcase name="Performance › API response times &lt; 200ms › health check endpoint responds within 200ms" classname="09-performance.spec.ts" time="0">
<skipped>
</skipped>
</testcase>
<testcase name="Performance › API response times &lt; 200ms › user profile endpoint responds within 200ms" classname="09-performance.spec.ts" time="0">
<skipped>
</skipped>
</testcase>
<testcase name="Performance › API response times &lt; 200ms › MCP health endpoint responds within 200ms" classname="09-performance.spec.ts" time="0">
<skipped>
</skipped>
</testcase>
<testcase name="Performance › Search response &lt; 500ms › documentation search responds within 500ms" classname="09-performance.spec.ts" time="0">
<skipped>
</skipped>
</testcase>
<testcase name="Performance › Search response &lt; 500ms › API search endpoint responds within 500ms" classname="09-performance.spec.ts" time="0">
<skipped>
</skipped>
</testcase>
</testsuite>
<testsuite name="security/auth-security.spec.ts" timestamp="2025-12-07T01:25:20.070Z" hostname="webkit" tests="14" failures="0" skipped="14" time="0" errors="0">
<testcase name="Security Features E2E › Cross-Subdomain Cookies › session cookies persist across subdomains" classname="security/auth-security.spec.ts" time="0">
<skipped>
</skipped>
</testcase>
<testcase name="Security Features E2E › Cross-Subdomain Cookies › cookies sent with credentials: include" classname="security/auth-security.spec.ts" time="0">
<skipped>
</skipped>
</testcase>
<testcase name="Security Features E2E › Adaptive Turnstile › shows challenge after 5 failed login attempts" classname="security/auth-security.spec.ts" time="0">
<skipped>
</skipped>
</testcase>
<testcase name="Security Features E2E › Adaptive Turnstile › bypass cookie works after successful challenge" classname="security/auth-security.spec.ts" time="0">
<skipped>
</skipped>
</testcase>
<testcase name="Security Features E2E › Step-Up Authentication › requires step-up for billing operations" classname="security/auth-security.spec.ts" time="0">
<skipped>
</skipped>
</testcase>
<testcase name="Security Features E2E › Step-Up Authentication › step-up window expires after 300s" classname="security/auth-security.spec.ts" time="0">
<skipped>
</skipped>
</testcase>
<testcase name="Security Features E2E › Passkey Enforcement › requires passkey for API key creation" classname="security/auth-security.spec.ts" time="0">
<skipped>
</skipped>
</testcase>
<testcase name="Security Features E2E › Passkey Enforcement › enforces passkey enrollment after TOTP use" classname="security/auth-security.spec.ts" time="0">
<skipped>
</skipped>
</testcase>
<testcase name="Security Features E2E › RLS Tenant Isolation › prevents cross-org data access" classname="security/auth-security.spec.ts" time="0">
<skipped>
</skipped>
</testcase>
<testcase name="Security Features E2E › HIBP Password Validation › rejects breached passwords" classname="security/auth-security.spec.ts" time="0">
<skipped>
</skipped>
</testcase>
<testcase name="Security Features E2E › Security Headers › includes all required security headers" classname="security/auth-security.spec.ts" time="0">
<skipped>
</skipped>
</testcase>
<testcase name="Security Features E2E › Security Headers › CSP blocks inline scripts" classname="security/auth-security.spec.ts" time="0">
<skipped>
</skipped>
</testcase>
<testcase name="Security Features E2E › JWT for Tools Only › rejects JWT from browser User-Agent" classname="security/auth-security.spec.ts" time="0">
<skipped>
</skipped>
</testcase>
<testcase name="Security Features E2E › JWT for Tools Only › accepts JWT from tool User-Agent" classname="security/auth-security.spec.ts" time="0">
<properties>
<property name="skip" value="">
</property>
</properties>
<skipped>
</skipped>
</testcase>
</testsuite>
</testsuites>